Начало лога
--------------------------------------------------------------------------------------------------------

eltex-pg1-v26@eltex-2025-summer-18:06> ssh root@172.16.9.200
Welcome to Ubuntu 24.04.2 LTS (GNU/Linux 6.8.0-55-generic x86_64)

 * Documentation:  https://help.ubuntu.com
 * Management:     https://landscape.canonical.com
 * Support:        https://ubuntu.com/pro

 System information as of Sat Jul 19 11:07:31 AM UTC 2025

  System load:  0.01               Processes:              111
  Usage of /:   41.0% of 14.66GB   Users logged in:        0
  Memory usage: 10%                IPv4 address for ens18: 172.16.9.200
  Swap usage:   0%

 * Strictly confined Kubernetes makes edge and IoT secure. Learn how MicroK8s
   just raised the bar for easy, resilient and secure K8s cluster deployment.

   https://ubuntu.com/engage/secure-kubernetes-at-the-edge

Expanded Security Maintenance for Applications is not enabled.

68 updates can be applied immediately.
To see these additional updates run: apt list --upgradable

1 additional security update can be applied with ESM Apps.
Learn more about enabling ESM Apps service at https://ubuntu.com/esm


*** System restart required ***
Скрипко Дмитрий
Sat Jul 19 06:14:42 AM UTC 2025
Sat Jul 19 06:26:02 AM UTC 2025
Last login: Sat Jul 19 08:25:39 2025 from 172.16.8.4

root@eltex-practice2-pg1-v26:~# sudo apt update
Hit:1 http://ru.archive.ubuntu.com/ubuntu noble InRelease
Get:2 http://ru.archive.ubuntu.com/ubuntu noble-updates InRelease [126 kB]
Get:3 http://security.ubuntu.com/ubuntu noble-security InRelease [126 kB]
Get:4 http://ru.archive.ubuntu.com/ubuntu noble-backports InRelease [126 kB]
Get:5 http://ru.archive.ubuntu.com/ubuntu noble-updates/main amd64 Packages [1,269 kB]
Get:6 http://ru.archive.ubuntu.com/ubuntu noble-updates/main amd64 Components [163 kB]
Get:7 http://ru.archive.ubuntu.com/ubuntu noble-updates/restricted amd64 Components [212 B]
Get:8 http://ru.archive.ubuntu.com/ubuntu noble-updates/universe amd64 Packages [1,111 kB]
Get:9 http://ru.archive.ubuntu.com/ubuntu noble-updates/universe amd64 Components [377 kB]
Get:10 http://ru.archive.ubuntu.com/ubuntu noble-updates/multiverse amd64 Components [940 B]
Get:11 http://ru.archive.ubuntu.com/ubuntu noble-backports/main amd64 Components [7,068 B]
Get:12 http://ru.archive.ubuntu.com/ubuntu noble-backports/restricted amd64 Components [216 B]
Get:13 http://ru.archive.ubuntu.com/ubuntu noble-backports/universe amd64 Components [28.3 kB]
Get:14 http://ru.archive.ubuntu.com/ubuntu noble-backports/multiverse amd64 Components [212 B]
Get:15 http://security.ubuntu.com/ubuntu noble-security/main amd64 Components [21.6 kB]
Get:16 http://security.ubuntu.com/ubuntu noble-security/restricted amd64 Components [212 B]
Get:17 http://security.ubuntu.com/ubuntu noble-security/universe amd64 Components [52.3 kB]
Get:18 http://security.ubuntu.com/ubuntu noble-security/multiverse amd64 Components [212 B]
Fetched 3,410 kB in 2s (2,264 kB/s)
Reading package lists... Done
Building dependency tree... Done
Reading state information... Done
69 packages can be upgraded. Run 'apt list --upgradable' to see them.
root@eltex-practice2-pg1-v26:~# sudo apt install git
Reading package lists... Done
Building dependency tree... Done
Reading state information... Done
git is already the newest version (1:2.43.0-1ubuntu7.3).
git set to manually installed.
0 upgraded, 0 newly installed, 0 to remove and 69 not upgraded.
root@eltex-practice2-pg1-v26:~# git config --global user.name "DiSkream33"
root@eltex-practice2-pg1-v26:~# it config --global user.email  "dimasss913@gmail.com"                   it: command not found
root@eltex-practice2-pg1-v26:~# git config --global user.email  "dimasss913@gmail.com"
root@eltex-practice2-pg1-v26:~# git config --global init.defaultBranch main
root@eltex-practice2-pg1-v26:~# apt update
Hit:1 http://ru.archive.ubuntu.com/ubuntu noble InRelease
Hit:2 http://security.ubuntu.com/ubuntu noble-security InRelease
Hit:3 http://ru.archive.ubuntu.com/ubuntu noble-updates InRelease
Hit:4 http://ru.archive.ubuntu.com/ubuntu noble-backports InRelease
Reading package lists... Done
Building dependency tree... Done
Reading state information... Done
69 packages can be upgraded. Run 'apt list --upgradable' to see them.
root@eltex-practice2-pg1-v26:~# sudo apt upgrade -y
Reading package lists... Done
Building dependency tree... Done
Reading state information... Done
Calculating upgrade... Done
Get another security update through Ubuntu Pro with 'esm-apps' enabled:
  7zip
Learn more about Ubuntu Pro at https://ubuntu.com/pro
The following upgrades have been deferred due to phasing:
  ubuntu-drivers-common
The following packages will be upgraded:
  apparmor apt apt-utils bsdextrautils bsdutils cloud-init distro-info-data eject fdisk
  firmware-sof-signed fwupd grub-common grub-pc grub-pc-bin grub2-common gzip ibverbs-providers
  landscape-common libapparmor1 libapt-pkg6.0t64 libblkid1 libfdisk1 libfwupd2 libibverbs1 libmount1
  libnetplan1 libnss-systemd libopeniscsiusr libpam-systemd libplymouth5 libsmartcols1
  libsystemd-shared libsystemd0 libtraceevent1 libtraceevent1-plugin libudev1 libuuid1 linux-base
  mount netplan-generator netplan.io open-iscsi openssh-client openssh-server openssh-sftp-server
  pci.ids plymouth plymouth-theme-ubuntu-text python3-netplan python3-software-properties
  python3-update-manager qemu-guest-agent rsyslog snapd software-properties-common sosreport systemd
  systemd-dev systemd-resolved systemd-sysv systemd-timesyncd ubuntu-pro-client ubuntu-pro-client-l10n
  udev update-manager-core update-notifier-common util-linux uuid-runtime
68 upgraded, 0 newly installed, 0 to remove and 1 not upgraded.
Need to get 66.2 MB of archives.
After this operation, 874 kB of additional disk space will be used.
Get:1 http://ru.archive.ubuntu.com/ubuntu noble-updates/main amd64 bsdutils amd64 1:2.39.3-9ubuntu6.3 [95.9 kB]
Get:2 http://ru.archive.ubuntu.com/ubuntu noble-updates/main amd64 gzip amd64 1.12-1ubuntu3.1 [99.0 kB]
Get:3 http://ru.archive.ubuntu.com/ubuntu noble-updates/main amd64 util-linux amd64 2.39.3-9ubuntu6.3 [1,128 kB]
Get:4 http://ru.archive.ubuntu.com/ubuntu noble-updates/main amd64 systemd-timesyncd amd64 255.4-1ubuntu8.10 [35.3 kB]
Get:5 http://ru.archive.ubuntu.com/ubuntu noble-updates/main amd64 systemd-resolved amd64 255.4-1ubuntu8.10 [296 kB]
Get:6 http://ru.archive.ubuntu.com/ubuntu noble-updates/main amd64 libapparmor1 amd64 4.0.1really4.0.1-0ubuntu0.24.04.4 [50.6 kB]
Get:7 http://ru.archive.ubuntu.com/ubuntu noble-updates/main amd64 libblkid1 amd64 2.39.3-9ubuntu6.3 [123 kB]
Get:8 http://ru.archive.ubuntu.com/ubuntu noble-updates/main amd64 libmount1 amd64 2.39.3-9ubuntu6.3 [134 kB]
Get:9 http://ru.archive.ubuntu.com/ubuntu noble-updates/main amd64 libnss-systemd amd64 255.4-1ubuntu8.10 [159 kB]
Get:10 http://ru.archive.ubuntu.com/ubuntu noble-updates/main amd64 systemd-dev all 255.4-1ubuntu8.10 [105 kB]
Get:11 http://ru.archive.ubuntu.com/ubuntu noble-updates/main amd64 systemd amd64 255.4-1ubuntu8.10 [3,475 kB]
Get:12 http://ru.archive.ubuntu.com/ubuntu noble-updates/main amd64 udev amd64 255.4-1ubuntu8.10 [1,873 kB]
Get:13 http://ru.archive.ubuntu.com/ubuntu noble-updates/main amd64 systemd-sysv amd64 255.4-1ubuntu8.10 [11.9 kB]
Get:14 http://ru.archive.ubuntu.com/ubuntu noble-updates/main amd64 libpam-systemd amd64 255.4-1ubuntu8.10 [235 kB]
Get:15 http://ru.archive.ubuntu.com/ubuntu noble-updates/main amd64 libsystemd-shared amd64 255.4-1ubuntu8.10 [2,074 kB]
Get:16 http://ru.archive.ubuntu.com/ubuntu noble-updates/main amd64 libudev1 amd64 255.4-1ubuntu8.10 [176 kB]
Get:17 http://ru.archive.ubuntu.com/ubuntu noble-updates/main amd64 libuuid1 amd64 2.39.3-9ubuntu6.3 [35.8 kB]
Get:18 http://ru.archive.ubuntu.com/ubuntu noble-updates/main amd64 libfdisk1 amd64 2.39.3-9ubuntu6.3 [146 kB]
Get:19 http://ru.archive.ubuntu.com/ubuntu noble-updates/main amd64 mount amd64 2.39.3-9ubuntu6.3 [118 kB]
Get:20 http://ru.archive.ubuntu.com/ubuntu noble-updates/main amd64 libsystemd0 amd64 255.4-1ubuntu8.10 [434 kB]
Get:21 http://ru.archive.ubuntu.com/ubuntu noble-updates/main amd64 libapt-pkg6.0t64 amd64 2.8.3 [985 kB]
Get:22 http://ru.archive.ubuntu.com/ubuntu noble-updates/main amd64 apt amd64 2.8.3 [1,376 kB]
Get:23 http://ru.archive.ubuntu.com/ubuntu noble-updates/main amd64 apt-utils amd64 2.8.3 [216 kB]
Get:24 http://ru.archive.ubuntu.com/ubuntu noble-updates/main amd64 libsmartcols1 amd64 2.39.3-9ubuntu6.3 [65.4 kB]
Get:25 http://ru.archive.ubuntu.com/ubuntu noble-updates/main amd64 uuid-runtime amd64 2.39.3-9ubuntu6.3 [33.1 kB]
Get:26 http://ru.archive.ubuntu.com/ubuntu noble-updates/main amd64 libopeniscsiusr amd64 2.1.9-3ubuntu5.4 [49.4 kB]
Get:27 http://ru.archive.ubuntu.com/ubuntu noble-updates/main amd64 open-iscsi amd64 2.1.9-3ubuntu5.4 [328 kB]
Get:28 http://ru.archive.ubuntu.com/ubuntu noble-updates/main amd64 openssh-sftp-server amd64 1:9.6p1-3ubuntu13.12 [37.4 kB]
Get:29 http://ru.archive.ubuntu.com/ubuntu noble-updates/main amd64 openssh-server amd64 1:9.6p1-3ubuntu13.12 [510 kB]
Get:30 http://ru.archive.ubuntu.com/ubuntu noble-updates/main amd64 openssh-client amd64 1:9.6p1-3ubuntu13.12 [905 kB]
Get:31 http://ru.archive.ubuntu.com/ubuntu noble-updates/universe amd64 qemu-guest-agent amd64 1:8.2.2+ds-0ubuntu1.7 [389 kB]
Get:32 http://ru.archive.ubuntu.com/ubuntu noble-updates/main amd64 update-manager-core all 1:24.04.12 [11.6 kB]
Get:33 http://ru.archive.ubuntu.com/ubuntu noble-updates/main amd64 python3-update-manager all 1:24.04.12 [43.4 kB]
Get:34 http://ru.archive.ubuntu.com/ubuntu noble-updates/main amd64 distro-info-data all 0.60ubuntu0.3 [6,686 B]
Get:35 http://ru.archive.ubuntu.com/ubuntu noble-updates/main amd64 ubuntu-pro-client-l10n amd64 36ubuntu0~24.04 [19.8 kB]
Get:36 http://ru.archive.ubuntu.com/ubuntu noble-updates/main amd64 ubuntu-pro-client amd64 36ubuntu0~24.04 [258 kB]
Get:37 http://ru.archive.ubuntu.com/ubuntu noble-updates/main amd64 update-notifier-common all 3.192.68.2 [207 kB]
Get:38 http://ru.archive.ubuntu.com/ubuntu noble-updates/main amd64 eject amd64 2.39.3-9ubuntu6.3 [26.3 kB]
Get:39 http://ru.archive.ubuntu.com/ubuntu noble-updates/main amd64 netplan-generator amd64 1.1.2-2~ubuntu24.04.2 [61.1 kB]
Get:40 http://ru.archive.ubuntu.com/ubuntu noble-updates/main amd64 python3-netplan amd64 1.1.2-2~ubuntu24.04.2 [24.3 kB]
Get:41 http://ru.archive.ubuntu.com/ubuntu noble-updates/main amd64 netplan.io amd64 1.1.2-2~ubuntu24.04.2 [69.7 kB]
Get:42 http://ru.archive.ubuntu.com/ubuntu noble-updates/main amd64 libnetplan1 amd64 1.1.2-2~ubuntu24.04.2 [132 kB]
Get:43 http://ru.archive.ubuntu.com/ubuntu noble-updates/main amd64 rsyslog amd64 8.2312.0-3ubuntu9.1 [511 kB]
Get:44 http://ru.archive.ubuntu.com/ubuntu noble-updates/main amd64 apparmor amd64 4.0.1really4.0.1-0ubuntu0.24.04.4 [637 kB]
Get:45 http://ru.archive.ubuntu.com/ubuntu noble-updates/main amd64 bsdextrautils amd64 2.39.3-9ubuntu6.3 [73.7 kB]
Get:46 http://ru.archive.ubuntu.com/ubuntu noble-updates/main amd64 libibverbs1 amd64 50.0-2ubuntu0.2 [68.0 kB]
Get:47 http://ru.archive.ubuntu.com/ubuntu noble-updates/main amd64 ibverbs-providers amd64 50.0-2ubuntu0.2 [381 kB]
Get:48 http://ru.archive.ubuntu.com/ubuntu noble-updates/main amd64 libplymouth5 amd64 24.004.60-1ubuntu7.1 [137 kB]
Get:49 http://ru.archive.ubuntu.com/ubuntu noble-updates/main amd64 libtraceevent1-plugin amd64 1:1.8.2-1ubuntu2.1 [19.9 kB]
Get:50 http://ru.archive.ubuntu.com/ubuntu noble-updates/main amd64 libtraceevent1 amd64 1:1.8.2-1ubuntu2.1 [55.3 kB]
Get:51 http://ru.archive.ubuntu.com/ubuntu noble-updates/main amd64 pci.ids all 0.0~2024.03.31-1ubuntu0.1 [275 kB]
Get:52 http://ru.archive.ubuntu.com/ubuntu noble-updates/main amd64 plymouth-theme-ubuntu-text amd64 24.004.60-1ubuntu7.1 [9,924 B]
Get:53 http://ru.archive.ubuntu.com/ubuntu noble-updates/main amd64 plymouth amd64 24.004.60-1ubuntu7.1 [134 kB]
Get:54 http://ru.archive.ubuntu.com/ubuntu noble-updates/main amd64 fdisk amd64 2.39.3-9ubuntu6.3 [122 kB]
Get:55 http://ru.archive.ubuntu.com/ubuntu noble-updates/main amd64 firmware-sof-signed all 2023.12.1-1ubuntu1.6 [7,202 kB]
Get:56 http://ru.archive.ubuntu.com/ubuntu noble-updates/main amd64 libfwupd2 amd64 1.9.30-0ubuntu1~24.04.1 [136 kB]
Get:57 http://ru.archive.ubuntu.com/ubuntu noble-updates/main amd64 fwupd amd64 1.9.30-0ubuntu1~24.04.1 [4,589 kB]
Get:58 http://ru.archive.ubuntu.com/ubuntu noble-updates/main amd64 grub-pc amd64 2.12-1ubuntu7.3 [137 kB]
Get:59 http://ru.archive.ubuntu.com/ubuntu noble-updates/main amd64 grub2-common amd64 2.12-1ubuntu7.3 [670 kB]
Get:60 http://ru.archive.ubuntu.com/ubuntu noble-updates/main amd64 grub-pc-bin amd64 2.12-1ubuntu7.3 [1,101 kB]
Get:61 http://ru.archive.ubuntu.com/ubuntu noble-updates/main amd64 grub-common amd64 2.12-1ubuntu7.3 [2,120 kB]
Get:62 http://ru.archive.ubuntu.com/ubuntu noble-updates/main amd64 landscape-common amd64 24.02-0ubuntu5.3 [93.0 kB]
Get:63 http://ru.archive.ubuntu.com/ubuntu noble-updates/main amd64 linux-base all 4.5ubuntu9+24.04.1 [18.1 kB]
Get:64 http://ru.archive.ubuntu.com/ubuntu noble-updates/main amd64 software-properties-common all 0.99.49.2 [14.4 kB]
Get:65 http://ru.archive.ubuntu.com/ubuntu noble-updates/main amd64 python3-software-properties all 0.99.49.2 [29.8 kB]
Get:66 http://ru.archive.ubuntu.com/ubuntu noble-updates/main amd64 snapd amd64 2.67.1+24.04 [30.1 MB]
Get:67 http://ru.archive.ubuntu.com/ubuntu noble-updates/main amd64 sosreport amd64 4.8.2-0ubuntu0~24.04.2 [364 kB]
Get:68 http://ru.archive.ubuntu.com/ubuntu noble-updates/main amd64 cloud-init all 25.1.2-0ubuntu0~24.04.1 [607 kB]
Fetched 66.2 MB in 4s (15.4 MB/s)
Extracting templates from packages: 100%
Preconfiguring packages ...
(Reading database ... 124883 files and directories currently installed.)
Preparing to unpack .../bsdutils_1%3a2.39.3-9ubuntu6.3_amd64.deb ...
Unpacking bsdutils (1:2.39.3-9ubuntu6.3) over (1:2.39.3-9ubuntu6.2) ...
Setting up bsdutils (1:2.39.3-9ubuntu6.3) ...
(Reading database ... 124883 files and directories currently installed.)
Preparing to unpack .../gzip_1.12-1ubuntu3.1_amd64.deb ...
Unpacking gzip (1.12-1ubuntu3.1) over (1.12-1ubuntu3) ...
Setting up gzip (1.12-1ubuntu3.1) ...
(Reading database ... 124883 files and directories currently installed.)
Preparing to unpack .../util-linux_2.39.3-9ubuntu6.3_amd64.deb ...
Unpacking util-linux (2.39.3-9ubuntu6.3) over (2.39.3-9ubuntu6.2) ...
Setting up util-linux (2.39.3-9ubuntu6.3) ...
fstrim.service is a disabled or a static unit not running, not starting it.
(Reading database ... 124883 files and directories currently installed.)
Preparing to unpack .../systemd-timesyncd_255.4-1ubuntu8.10_amd64.deb ...
Unpacking systemd-timesyncd (255.4-1ubuntu8.10) over (255.4-1ubuntu8.8) ...
Preparing to unpack .../systemd-resolved_255.4-1ubuntu8.10_amd64.deb ...
Unpacking systemd-resolved (255.4-1ubuntu8.10) over (255.4-1ubuntu8.8) ...
Preparing to unpack .../libapparmor1_4.0.1really4.0.1-0ubuntu0.24.04.4_amd64.deb ...
Unpacking libapparmor1:amd64 (4.0.1really4.0.1-0ubuntu0.24.04.4) over (4.0.1really4.0.1-0ubuntu0.24.04.3) ...
Preparing to unpack .../libblkid1_2.39.3-9ubuntu6.3_amd64.deb ...
Unpacking libblkid1:amd64 (2.39.3-9ubuntu6.3) over (2.39.3-9ubuntu6.2) ...
Setting up libblkid1:amd64 (2.39.3-9ubuntu6.3) ...
(Reading database ... 124883 files and directories currently installed.)
Preparing to unpack .../libmount1_2.39.3-9ubuntu6.3_amd64.deb ...
Unpacking libmount1:amd64 (2.39.3-9ubuntu6.3) over (2.39.3-9ubuntu6.2) ...
Setting up libmount1:amd64 (2.39.3-9ubuntu6.3) ...
(Reading database ... 124883 files and directories currently installed.)
Preparing to unpack .../libnss-systemd_255.4-1ubuntu8.10_amd64.deb ...
Unpacking libnss-systemd:amd64 (255.4-1ubuntu8.10) over (255.4-1ubuntu8.8) ...
Preparing to unpack .../systemd-dev_255.4-1ubuntu8.10_all.deb ...
Unpacking systemd-dev (255.4-1ubuntu8.10) over (255.4-1ubuntu8.8) ...
Preparing to unpack .../systemd_255.4-1ubuntu8.10_amd64.deb ...
Unpacking systemd (255.4-1ubuntu8.10) over (255.4-1ubuntu8.8) ...
Preparing to unpack .../udev_255.4-1ubuntu8.10_amd64.deb ...
Unpacking udev (255.4-1ubuntu8.10) over (255.4-1ubuntu8.8) ...
Preparing to unpack .../libsystemd-shared_255.4-1ubuntu8.10_amd64.deb ...
Unpacking libsystemd-shared:amd64 (255.4-1ubuntu8.10) over (255.4-1ubuntu8.8) ...
Setting up libapparmor1:amd64 (4.0.1really4.0.1-0ubuntu0.24.04.4) ...
Setting up libsystemd-shared:amd64 (255.4-1ubuntu8.10) ...
(Reading database ... 124883 files and directories currently installed.)
Preparing to unpack .../libsystemd0_255.4-1ubuntu8.10_amd64.deb ...
Unpacking libsystemd0:amd64 (255.4-1ubuntu8.10) over (255.4-1ubuntu8.8) ...
Setting up libsystemd0:amd64 (255.4-1ubuntu8.10) ...
Setting up systemd-dev (255.4-1ubuntu8.10) ...
Setting up systemd (255.4-1ubuntu8.10) ...
(Reading database ... 124883 files and directories currently installed.)
Preparing to unpack .../systemd-sysv_255.4-1ubuntu8.10_amd64.deb ...
Unpacking systemd-sysv (255.4-1ubuntu8.10) over (255.4-1ubuntu8.8) ...
Preparing to unpack .../libpam-systemd_255.4-1ubuntu8.10_amd64.deb ...
Unpacking libpam-systemd:amd64 (255.4-1ubuntu8.10) over (255.4-1ubuntu8.8) ...
Preparing to unpack .../libudev1_255.4-1ubuntu8.10_amd64.deb ...
Unpacking libudev1:amd64 (255.4-1ubuntu8.10) over (255.4-1ubuntu8.8) ...
Setting up libudev1:amd64 (255.4-1ubuntu8.10) ...
(Reading database ... 124883 files and directories currently installed.)
Preparing to unpack .../libuuid1_2.39.3-9ubuntu6.3_amd64.deb ...
Unpacking libuuid1:amd64 (2.39.3-9ubuntu6.3) over (2.39.3-9ubuntu6.2) ...
Setting up libuuid1:amd64 (2.39.3-9ubuntu6.3) ...
(Reading database ... 124883 files and directories currently installed.)
Preparing to unpack .../libfdisk1_2.39.3-9ubuntu6.3_amd64.deb ...
Unpacking libfdisk1:amd64 (2.39.3-9ubuntu6.3) over (2.39.3-9ubuntu6.2) ...
Preparing to unpack .../mount_2.39.3-9ubuntu6.3_amd64.deb ...
Unpacking mount (2.39.3-9ubuntu6.3) over (2.39.3-9ubuntu6.2) ...
Preparing to unpack .../libapt-pkg6.0t64_2.8.3_amd64.deb ...
Unpacking libapt-pkg6.0t64:amd64 (2.8.3) over (2.7.14build2) ...
Setting up libapt-pkg6.0t64:amd64 (2.8.3) ...
(Reading database ... 124883 files and directories currently installed.)
Preparing to unpack .../archives/apt_2.8.3_amd64.deb ...
Unpacking apt (2.8.3) over (2.7.14build2) ...
Setting up apt (2.8.3) ...
(Reading database ... 124883 files and directories currently installed.)
Preparing to unpack .../apt-utils_2.8.3_amd64.deb ...
Unpacking apt-utils (2.8.3) over (2.7.14build2) ...
Preparing to unpack .../libsmartcols1_2.39.3-9ubuntu6.3_amd64.deb ...
Unpacking libsmartcols1:amd64 (2.39.3-9ubuntu6.3) over (2.39.3-9ubuntu6.2) ...
Setting up libsmartcols1:amd64 (2.39.3-9ubuntu6.3) ...
(Reading database ... 124883 files and directories currently installed.)
Preparing to unpack .../00-uuid-runtime_2.39.3-9ubuntu6.3_amd64.deb ...
Unpacking uuid-runtime (2.39.3-9ubuntu6.3) over (2.39.3-9ubuntu6.2) ...
Preparing to unpack .../01-libopeniscsiusr_2.1.9-3ubuntu5.4_amd64.deb ...
Unpacking libopeniscsiusr (2.1.9-3ubuntu5.4) over (2.1.9-3ubuntu5.3) ...
Preparing to unpack .../02-open-iscsi_2.1.9-3ubuntu5.4_amd64.deb ...
Unpacking open-iscsi (2.1.9-3ubuntu5.4) over (2.1.9-3ubuntu5.3) ...
Preparing to unpack .../03-openssh-sftp-server_1%3a9.6p1-3ubuntu13.12_amd64.deb ...
Unpacking openssh-sftp-server (1:9.6p1-3ubuntu13.12) over (1:9.6p1-3ubuntu13.11) ...
Preparing to unpack .../04-openssh-server_1%3a9.6p1-3ubuntu13.12_amd64.deb ...
Unpacking openssh-server (1:9.6p1-3ubuntu13.12) over (1:9.6p1-3ubuntu13.11) ...
Preparing to unpack .../05-openssh-client_1%3a9.6p1-3ubuntu13.12_amd64.deb ...
Unpacking openssh-client (1:9.6p1-3ubuntu13.12) over (1:9.6p1-3ubuntu13.11) ...
Preparing to unpack .../06-qemu-guest-agent_1%3a8.2.2+ds-0ubuntu1.7_amd64.deb ...
Unpacking qemu-guest-agent (1:8.2.2+ds-0ubuntu1.7) over (1:8.2.2+ds-0ubuntu1.6) ...
Preparing to unpack .../07-update-manager-core_1%3a24.04.12_all.deb ...
Unpacking update-manager-core (1:24.04.12) over (1:24.04.9) ...
Preparing to unpack .../08-python3-update-manager_1%3a24.04.12_all.deb ...
Unpacking python3-update-manager (1:24.04.12) over (1:24.04.9) ...
Preparing to unpack .../09-distro-info-data_0.60ubuntu0.3_all.deb ...
Unpacking distro-info-data (0.60ubuntu0.3) over (0.60ubuntu0.2) ...
Preparing to unpack .../10-ubuntu-pro-client-l10n_36ubuntu0~24.04_amd64.deb ...
Unpacking ubuntu-pro-client-l10n (36ubuntu0~24.04) over (34~24.04) ...
Preparing to unpack .../11-ubuntu-pro-client_36ubuntu0~24.04_amd64.deb ...
Unpacking ubuntu-pro-client (36ubuntu0~24.04) over (34~24.04) ...
Preparing to unpack .../12-update-notifier-common_3.192.68.2_all.deb ...
Unpacking update-notifier-common (3.192.68.2) over (3.192.68build3) ...
Preparing to unpack .../13-eject_2.39.3-9ubuntu6.3_amd64.deb ...
Unpacking eject (2.39.3-9ubuntu6.3) over (2.39.3-9ubuntu6.2) ...
Preparing to unpack .../14-netplan-generator_1.1.2-2~ubuntu24.04.2_amd64.deb ...
Adding 'diversion of /lib/systemd/system-generators/netplan to /lib/systemd/system-generators/netplan.usr-is-merged by netplan-generator'
Unpacking netplan-generator (1.1.2-2~ubuntu24.04.2) over (1.1.1-1~ubuntu24.04.1) ...
Preparing to unpack .../15-python3-netplan_1.1.2-2~ubuntu24.04.2_amd64.deb ...
Unpacking python3-netplan (1.1.2-2~ubuntu24.04.2) over (1.1.1-1~ubuntu24.04.1) ...
Preparing to unpack .../16-netplan.io_1.1.2-2~ubuntu24.04.2_amd64.deb ...
Unpacking netplan.io (1.1.2-2~ubuntu24.04.2) over (1.1.1-1~ubuntu24.04.1) ...
Preparing to unpack .../17-libnetplan1_1.1.2-2~ubuntu24.04.2_amd64.deb ...
Unpacking libnetplan1:amd64 (1.1.2-2~ubuntu24.04.2) over (1.1.1-1~ubuntu24.04.1) ...
Preparing to unpack .../18-rsyslog_8.2312.0-3ubuntu9.1_amd64.deb ...
Unpacking rsyslog (8.2312.0-3ubuntu9.1) over (8.2312.0-3ubuntu9) ...
Preparing to unpack .../19-apparmor_4.0.1really4.0.1-0ubuntu0.24.04.4_amd64.deb ...
Unpacking apparmor (4.0.1really4.0.1-0ubuntu0.24.04.4) over (4.0.1really4.0.1-0ubuntu0.24.04.3) ...
Preparing to unpack .../20-bsdextrautils_2.39.3-9ubuntu6.3_amd64.deb ...
Unpacking bsdextrautils (2.39.3-9ubuntu6.3) over (2.39.3-9ubuntu6.2) ...
Preparing to unpack .../21-libibverbs1_50.0-2ubuntu0.2_amd64.deb ...
Unpacking libibverbs1:amd64 (50.0-2ubuntu0.2) over (50.0-2build2) ...
Preparing to unpack .../22-ibverbs-providers_50.0-2ubuntu0.2_amd64.deb ...
Unpacking ibverbs-providers:amd64 (50.0-2ubuntu0.2) over (50.0-2build2) ...
Preparing to unpack .../23-libplymouth5_24.004.60-1ubuntu7.1_amd64.deb ...
Unpacking libplymouth5:amd64 (24.004.60-1ubuntu7.1) over (24.004.60-1ubuntu7) ...
Preparing to unpack .../24-libtraceevent1-plugin_1%3a1.8.2-1ubuntu2.1_amd64.deb ...
Unpacking libtraceevent1-plugin:amd64 (1:1.8.2-1ubuntu2.1) over (1:1.8.2-1ubuntu2) ...
Preparing to unpack .../25-libtraceevent1_1%3a1.8.2-1ubuntu2.1_amd64.deb ...
Unpacking libtraceevent1:amd64 (1:1.8.2-1ubuntu2.1) over (1:1.8.2-1ubuntu2) ...
Preparing to unpack .../26-pci.ids_0.0~2024.03.31-1ubuntu0.1_all.deb ...
Unpacking pci.ids (0.0~2024.03.31-1ubuntu0.1) over (0.0~2024.03.31-1) ...
Preparing to unpack .../27-plymouth-theme-ubuntu-text_24.004.60-1ubuntu7.1_amd64.deb ...
Unpacking plymouth-theme-ubuntu-text (24.004.60-1ubuntu7.1) over (24.004.60-1ubuntu7) ...
Preparing to unpack .../28-plymouth_24.004.60-1ubuntu7.1_amd64.deb ...
Unpacking plymouth (24.004.60-1ubuntu7.1) over (24.004.60-1ubuntu7) ...
Preparing to unpack .../29-fdisk_2.39.3-9ubuntu6.3_amd64.deb ...
Unpacking fdisk (2.39.3-9ubuntu6.3) over (2.39.3-9ubuntu6.2) ...
Preparing to unpack .../30-firmware-sof-signed_2023.12.1-1ubuntu1.6_all.deb ...
Unpacking firmware-sof-signed (2023.12.1-1ubuntu1.6) over (2023.12.1-1ubuntu1.4) ...
Preparing to unpack .../31-libfwupd2_1.9.30-0ubuntu1~24.04.1_amd64.deb ...
Unpacking libfwupd2:amd64 (1.9.30-0ubuntu1~24.04.1) over (1.9.28-0ubuntu1~24.04.1) ...
Preparing to unpack .../32-fwupd_1.9.30-0ubuntu1~24.04.1_amd64.deb ...
Unpacking fwupd (1.9.30-0ubuntu1~24.04.1) over (1.9.28-0ubuntu1~24.04.1) ...
Preparing to unpack .../33-grub-pc_2.12-1ubuntu7.3_amd64.deb ...
Unpacking grub-pc (2.12-1ubuntu7.3) over (2.12-1ubuntu7.1) ...
Preparing to unpack .../34-grub2-common_2.12-1ubuntu7.3_amd64.deb ...
Unpacking grub2-common (2.12-1ubuntu7.3) over (2.12-1ubuntu7.1) ...
Preparing to unpack .../35-grub-pc-bin_2.12-1ubuntu7.3_amd64.deb ...
Unpacking grub-pc-bin (2.12-1ubuntu7.3) over (2.12-1ubuntu7.1) ...
Preparing to unpack .../36-grub-common_2.12-1ubuntu7.3_amd64.deb ...
Unpacking grub-common (2.12-1ubuntu7.3) over (2.12-1ubuntu7.1) ...
Preparing to unpack .../37-landscape-common_24.02-0ubuntu5.3_amd64.deb ...
Unpacking landscape-common (24.02-0ubuntu5.3) over (24.02-0ubuntu5.2) ...
Preparing to unpack .../38-linux-base_4.5ubuntu9+24.04.1_all.deb ...
Unpacking linux-base (4.5ubuntu9+24.04.1) over (4.5ubuntu9) ...
Preparing to unpack .../39-software-properties-common_0.99.49.2_all.deb ...
Unpacking software-properties-common (0.99.49.2) over (0.99.49.1) ...
Preparing to unpack .../40-python3-software-properties_0.99.49.2_all.deb ...
Unpacking python3-software-properties (0.99.49.2) over (0.99.49.1) ...
Preparing to unpack .../41-snapd_2.67.1+24.04_amd64.deb ...
Unpacking snapd (2.67.1+24.04) over (2.66.1+24.04) ...
Preparing to unpack .../42-sosreport_4.8.2-0ubuntu0~24.04.2_amd64.deb ...
Unpacking sosreport (4.8.2-0ubuntu0~24.04.2) over (4.7.2-0ubuntu1~24.04.2) ...
Preparing to unpack .../43-cloud-init_25.1.2-0ubuntu0~24.04.1_all.deb ...
Unpacking cloud-init (25.1.2-0ubuntu0~24.04.1) over (24.4.1-0ubuntu0~24.04.1) ...
dpkg: warning: unable to delete old directory '/lib/systemd/system/sshd-keygen@.service.d': Directory not empty
Setting up libibverbs1:amd64 (50.0-2ubuntu0.2) ...
Setting up systemd-sysv (255.4-1ubuntu8.10) ...
Setting up pci.ids (0.0~2024.03.31-1ubuntu0.1) ...
Setting up apt-utils (2.8.3) ...
Setting up linux-base (4.5ubuntu9+24.04.1) ...
Setting up bsdextrautils (2.39.3-9ubuntu6.3) ...
Setting up ibverbs-providers:amd64 (50.0-2ubuntu0.2) ...
Setting up distro-info-data (0.60ubuntu0.3) ...
Setting up openssh-client (1:9.6p1-3ubuntu13.12) ...
Setting up firmware-sof-signed (2023.12.1-1ubuntu1.6) ...
Setting up libfwupd2:amd64 (1.9.30-0ubuntu1~24.04.1) ...
Setting up qemu-guest-agent (1:8.2.2+ds-0ubuntu1.7) ...
Setting up rsyslog (8.2312.0-3ubuntu9.1) ...
Installing new version of config file /etc/apparmor.d/usr.sbin.rsyslogd ...
info: The user `syslog' is already a member of `adm'.
Setting up libnss-systemd:amd64 (255.4-1ubuntu8.10) ...
Setting up libnetplan1:amd64 (1.1.2-2~ubuntu24.04.2) ...
Setting up landscape-common (24.02-0ubuntu5.3) ...
Setting up libopeniscsiusr (2.1.9-3ubuntu5.4) ...
Setting up eject (2.39.3-9ubuntu6.3) ...
Setting up grub-common (2.12-1ubuntu7.3) ...
update-rc.d: warning: start and stop actions are no longer supported; falling back to defaults
Setting up apparmor (4.0.1really4.0.1-0ubuntu0.24.04.4) ...
Reloading AppArmor profiles
Setting up python3-software-properties (0.99.49.2) ...
Setting up systemd-timesyncd (255.4-1ubuntu8.10) ...
Setting up udev (255.4-1ubuntu8.10) ...
Setting up sosreport (4.8.2-0ubuntu0~24.04.2) ...
Setting up libfdisk1:amd64 (2.39.3-9ubuntu6.3) ...
Setting up mount (2.39.3-9ubuntu6.3) ...
Setting up uuid-runtime (2.39.3-9ubuntu6.3) ...
uuidd.service is a disabled or a static unit not running, not starting it.
Setting up libtraceevent1:amd64 (1:1.8.2-1ubuntu2.1) ...
Setting up python3-update-manager (1:24.04.12) ...
Setting up libplymouth5:amd64 (24.004.60-1ubuntu7.1) ...
Setting up libpam-systemd:amd64 (255.4-1ubuntu8.10) ...
Setting up python3-netplan (1.1.2-2~ubuntu24.04.2) ...
Setting up netplan-generator (1.1.2-2~ubuntu24.04.2) ...
Removing 'diversion of /lib/systemd/system-generators/netplan to /lib/systemd/system-generators/netplan.usr-is-merged by netplan-generator'
Setting up ubuntu-pro-client (36ubuntu0~24.04) ...
Installing new version of config file /etc/apparmor.d/ubuntu_pro_apt_news ...
Installing new version of config file /etc/apparmor.d/ubuntu_pro_esm_cache ...
Installing new version of config file /etc/apt/apt.conf.d/20apt-esm-hook.conf ...
Setting up fwupd (1.9.30-0ubuntu1~24.04.1) ...
fwupd-offline-update.service is a disabled or a static unit not running, not starting it.
fwupd-refresh.service is a disabled or a static unit not running, not starting it.
fwupd.service is a disabled or a static unit not running, not starting it.
Setting up systemd-resolved (255.4-1ubuntu8.10) ...
Setting up ubuntu-pro-client-l10n (36ubuntu0~24.04) ...
Setting up snapd (2.67.1+24.04) ...
snapd.failure.service is a disabled or a static unit not running, not starting it.
snapd.snap-repair.service is a disabled or a static unit not running, not starting it.
Setting up openssh-sftp-server (1:9.6p1-3ubuntu13.12) ...
Setting up openssh-server (1:9.6p1-3ubuntu13.12) ...
Setting up plymouth (24.004.60-1ubuntu7.1) ...
update-initramfs: Generating /boot/initrd.img-6.8.0-64-generic
update-initramfs: Generating /boot/initrd.img-6.8.0-55-generic
update-rc.d: warning: start and stop actions are no longer supported; falling back to defaults
update-rc.d: warning: start and stop actions are no longer supported; falling back to defaults
Setting up grub2-common (2.12-1ubuntu7.3) ...
Setting up grub-pc-bin (2.12-1ubuntu7.3) ...
Setting up open-iscsi (2.1.9-3ubuntu5.4) ...
Setting up software-properties-common (0.99.49.2) ...
Setting up fdisk (2.39.3-9ubuntu6.3) ...
Setting up netplan.io (1.1.2-2~ubuntu24.04.2) ...
Setting up grub-pc (2.12-1ubuntu7.3) ...
grub-pc: Running grub-install ...
Installing for i386-pc platform.
Installation finished. No error reported.
  grub-install success for /dev/sda
Sourcing file `/etc/default/grub'
Generating grub configuration file ...
Found linux image: /boot/vmlinuz-6.8.0-64-generic
Found initrd image: /boot/initrd.img-6.8.0-64-generic
Found linux image: /boot/vmlinuz-6.8.0-55-generic
Found initrd image: /boot/initrd.img-6.8.0-55-generic
Warning: os-prober will not be executed to detect other bootable partitions.
Systems on them will not be added to the GRUB boot configuration.
Check GRUB_DISABLE_OS_PROBER documentation entry.
Adding boot menu entry for UEFI Firmware Settings ...
done
Setting up plymouth-theme-ubuntu-text (24.004.60-1ubuntu7.1) ...
update-initramfs: deferring update (trigger activated)
Setting up update-manager-core (1:24.04.12) ...
Setting up libtraceevent1-plugin:amd64 (1:1.8.2-1ubuntu2.1) ...
Setting up cloud-init (25.1.2-0ubuntu0~24.04.1) ...
Installing new version of config file /etc/cloud/templates/sources.list.debian.deb822.tmpl ...
Installing new version of config file /etc/cloud/templates/sources.list.ubuntu.deb822.tmpl ...
Setting up update-notifier-common (3.192.68.2) ...
update-notifier-download.service is a disabled or a static unit not running, not starting it.
update-notifier-motd.service is a disabled or a static unit not running, not starting it.
Processing triggers for ufw (0.36.2-6) ...
Processing triggers for man-db (2.12.0-4build2) ...
Processing triggers for dbus (1.14.10-4ubuntu4.1) ...
Processing triggers for install-info (7.1-3build2) ...
Processing triggers for initramfs-tools (0.142ubuntu25.5) ...
update-initramfs: Generating /boot/initrd.img-6.8.0-64-generic
Processing triggers for libc-bin (2.39-0ubuntu8.5) ...
Scanning processes...
Scanning candidates...
Scanning linux images...

Pending kernel upgrade!
Running kernel version:
  6.8.0-55-generic
Diagnostics:
  The currently running kernel version is not the expected kernel version 6.8.0-64-generic.

Restarting the system to load the new kernel will not be handled automatically, so you should consider
rebooting.

Restarting services...
 systemctl restart multipathd.service polkit.service udisks2.service upower.service

Service restarts being deferred:
 systemctl restart ModemManager.service
 /etc/needrestart/restart.d/dbus.service
 systemctl restart getty@tty1.service
 systemctl restart systemd-logind.service
 systemctl restart unattended-upgrades.service

No containers need to be restarted.

User sessions running outdated binaries:
 root @ session #1314: script[60785]
 root @ session #1466: apt[66163], sshd[65437]
 root @ user manager service: systemd[60701]

No VM guests are running outdated hypervisor (qemu) binaries on this host.

root@eltex-practice2-pg1-v26:~# apt install git gh
Reading package lists... Done
Building dependency tree... Done
Reading state information... Done
git is already the newest version (1:2.43.0-1ubuntu7.3).
The following NEW packages will be installed:
  gh
0 upgraded, 1 newly installed, 0 to remove and 1 not upgraded.
Need to get 8,826 kB of archives.
After this operation, 45.4 MB of additional disk space will be used.
Do you want to continue? [Y/n] Y
Get:1 http://ru.archive.ubuntu.com/ubuntu noble-updates/universe amd64 gh amd64 2.45.0-1ubuntu0.2 [8,826      kB]
Fetched 8,826 kB in 1s (9,346 kB/s)
Selecting previously unselected package gh.
(Reading database ... 124999 files and directories currently installed.)
Preparing to unpack .../gh_2.45.0-1ubuntu0.2_amd64.deb ...
Unpacking gh (2.45.0-1ubuntu0.2) ...
Setting up gh (2.45.0-1ubuntu0.2) ...
Processing triggers for man-db (2.12.0-4build2) ...
Scanning processes...
Scanning candidates...
Scanning linux images...

Pending kernel upgrade!
Running kernel version:
  6.8.0-55-generic
Diagnostics:
  The currently running kernel version is not the expected kernel version 6.8.0-64-generic.

Restarting the system to load the new kernel will not be handled automatically, so you should consider
rebooting.

Restarting services...

Service restarts being deferred:
 /etc/needrestart/restart.d/dbus.service
 systemctl restart getty@tty1.service
 systemctl restart systemd-logind.service
 systemctl restart unattended-upgrades.service

No containers need to be restarted.

User sessions running outdated binaries:
 root @ session #1314: script[60785]
 root @ session #1466: sshd[65437]
 root @ user manager service: systemd[60701]

No VM guests are running outdated hypervisor (qemu) binaries on this host.

root@eltex-practice2-pg1-v26:~# ssh-keygen -t ed25519 -f ~/.ssh/GHDiSkream33
Generating public/private ed25519 key pair.
Enter passphrase (empty for no passphrase):
Enter same passphrase again:
Your identification has been saved in /root/.ssh/GHDiSkream33
Your public key has been saved in /root/.ssh/GHDiSkream33.pub
The key fingerprint is:
SHA256:RjS1BX5s+qogqvs/43WJ70o4pRSJb+Ub1V5S+rFmly4 root@eltex-practice2-pg1-v26
The key's randomart image is:
+--[ED25519 256]--+
|        o.o.o    |
|   . . . + *     |
|  . o . o * *    |
|   . + o . B o . |
|    + + S o = o  |
|   o + = . + o   |
|    = * o   E .  |
|   .o= +   . .   |
|o+oooo.o+..      |
+----[SHA256]-----+

root@eltex-practice2-pg1-v26:~# gh auth login
? What account do you want to log into? GitHub.com
? What is your preferred protocol for Git operations on this host? SSH
? Upload your SSH public key to your GitHub account? /root/.ssh/GHDiSkream33.pub
? Title for your SSH key: eltex-practice2-pg1-v26
? How would you like to authenticate GitHub CLI? Login with a web browser

! First copy your one-time code: FB71-A6D1
Press Enter to open github.com in your browser...
! Failed opening a web browser at https://github.com/login/device
  exec: "xdg-open,x-www-browser,www-browser,wslview": executable file not found in $PATH
  Please try entering the URL in your browser manually
✓ Authentication complete.
- gh config set -h github.com git_protocol ssh
✓ Configured git protocol
! Authentication credentials saved in plain text
✓ Uploaded the SSH key to your GitHub account: /root/.ssh/GHDiSkream33.pub
✓ Logged in as DiSkream33

root@eltex-practice2-pg1-v26:~# gh auth setup-git --hostname github.com
root@eltex-practice2-pg1-v26:~# gh auth status
github.com
  ✓ Logged in to github.com account DiSkream33 (/root/.config/gh/hosts.yml)
  - Active account: true
  - Git operations protocol: ssh
  - Token: gho_************************************
  - Token scopes: 'admin:public_key', 'gist', 'read:org', 'repo'

root@eltex-practice2-pg1-v26:~/Eltex_summer_2025# gh repo create --public Eltex_summer_2025
✓ Created repository DiSkream33/Eltex_summer_2025 on GitHub
  https://github.com/DiSkream33/root@eltex-practice2-pg1-v26:~# mkdir ~/Eltex_summer_2025 && cd ~/Eltex_summer_2025
root@eltex-practice2-pg1-v26:~/Eltex_summer_2025# echo "# Eltex summer scholl tasks. Linux system programming" >> README.md
root@eltex-practice2-pg1-v26:~/Eltex_summer_2025# git init
Initialized empty Git repository in /root/Eltex_summer_2025/.git/
root@eltex-practice2-pg1-v26:~/Eltex_summer_2025# git add README.md
root@eltex-practice2-pg1-v26:~/Eltex_summer_2025# git commit -m "first commit"
[main (root-commit) de1a9e6] first commit
 1 file changed, 1 insertion(+)
 create mode 100644 README.md
root@eltex-practice2-pg1-v26:~/Eltex_summer_2025# git branch -M main

root@eltex-practice2-pg1-v26:~/Eltex_summer_2025# git remote add origin https://github.com/DiSkream33/Eltex_summer_2025.git

root@eltex-practice2-pg1-v26:~/Eltex_summer_2025# git status
On branch main
nothing to commit, working tree clean
root@eltex-practice2-pg1-v26:~/Eltex_summer_2025# git push -u origin main
Enumerating objects: 3, done.
Counting objects: 100% (3/3), done.
Delta compression using up to 2 threads
Compressing objects: 100% (2/2), done.
Writing objects: 100% (3/3), 268 bytes | 268.00 KiB/s, done.
Total 3 (delta 0), reused 0 (delta 0), pack-reused 0
To https://github.com/DiSkream33/Eltex_summer_2025.git
 * [new branch]      main -> main
branch 'main' set up to track 'origin/main'.
root@eltex-practice2-pg1-v26:~/Eltex_summer_2025# mkdir -p module1/task1
root@eltex-practice2-pg1-v26:~/Eltex_summer_2025# mkdir module1/task2
root@eltex-practice2-pg1-v26:~/Eltex_summer_2025# mkdir module1/task3

eltex-pg1-v26@eltex-2025-summer-00:18> scp ~/eltex-pg1-v26_part2.log root@172.16.9.200:~/Eltex_summer_2025/module1/task1/
eltex-pg1-v26_part2.log                                               100%  195KB 103.7MB/s   00:00
eltex-pg1-v26@eltex-2025-summer-00:21> scp ~/eltex-pg1-v26_part3_gt20M.log root@172.16.9.200:~/Eltex_summer_2025/module1/task1/
eltex-pg1-v26_part3_gt20M.log                                         100%  601     1.9MB/s   00:00
eltex-pg1-v26@eltex-2025-summer-00:22> scp ~/eltex-pg1-v26_part3.log root@172.16.9.200:~/Eltex_summer_2025/module1/task1/
eltex-pg1-v26_part3.log                                               100%  667     1.9MB/s   00:00
eltex-pg1-v26@eltex-2025-summer-00:22> scp ~/practice2_eltex-pg1-v26_part1.log root@172.16.9.200:~/Eltex_summer_2025/module1/task2/
practice2_eltex-pg1-v26_part1.log                                     100%  184KB   3.8MB/s   00:00
eltex-pg1-v26@eltex-2025-summer-00:22> scp ~/practice2_eltex-pg1-v26_part2.log root@172.16.9.200:~/Eltex_summer_2025/module1/task2/
practice2_eltex-pg1-v26_part2.log                                     100%  125KB   6.6MB/s   00:00
eltex-pg1-v26@eltex-2025-summer-00:22> scp ~/pr1_part3 root@172.16.9.200:~/Eltex_summer_2025/module1/task1/
pr1_part3                                                             100%  209KB 114.5MB/s   00:00
eltex-pg1-v26@eltex-2025-summer-00:25> scp ~/practice2_eltex-pg1-v26_part3.log root@172.16.9.200:~/Eltex_summer_2025/module1/task2/
practice2_eltex-pg1-v26_part3.log                                     100%   38KB  49.9MB/s   00:00
root@eltex-practice2-pg1-v26:~/Eltex_summer_2025# git add .
root@eltex-practice2-pg1-v26:~/Eltex_summer_2025# git status
On branch main
Your branch is up to date with 'origin/main'.

Changes to be committed:
  (use "git restore --staged <file>..." to unstage)
        new file:   module1/task1/eltex-pg1-v26_part2.log
        new file:   module1/task1/eltex-pg1-v26_part3.log
        new file:   module1/task1/eltex-pg1-v26_part3_gt20M.log
        new file:   module1/task1/pr1_part3
        new file:   module1/task2/practice2_eltex-pg1-v26_part1.log
        new file:   module1/task2/practice2_eltex-pg1-v26_part2.log
        new file:   module1/task2/practice2_eltex-pg1-v26_part3.log
root@eltex-practice2-pg1-v26:~/Eltex_summer_2025# git commit -m "logs add"
[main 1a21e67] logs add
 7 files changed, 11493 insertions(+)
 create mode 100644 module1/task1/eltex-pg1-v26_part2.log
 create mode 100644 module1/task1/eltex-pg1-v26_part3.log
 create mode 100644 module1/task1/eltex-pg1-v26_part3_gt20M.log
 create mode 100644 module1/task1/pr1_part3
 create mode 100644 module1/task2/practice2_eltex-pg1-v26_part1.log
 create mode 100644 module1/task2/practice2_eltex-pg1-v26_part2.log
 create mode 100644 module1/task2/practice2_eltex-pg1-v26_part3.log
root@eltex-practice2-pg1-v26:~/Eltex_summer_2025# git push
Enumerating objects: 13, done.
Counting objects: 100% (13/13), done.
Delta compression using up to 2 threads
Compressing objects: 100% (12/12), done.
Writing objects: 100% (12/12), 100.52 KiB | 10.05 MiB/s, done.
Total 12 (delta 0), reused 0 (delta 0), pack-reused 0
To https://github.com/DiSkream33/Eltex_summer_2025.git
   de1a9e6..1a21e67  main -> main
root@eltex-practice2-pg1-v26:~/Eltex_summer_2025# mkdir ~/Eltex_summer_2025_clone && cd ~/Eltex_summer_2025_clone
root@eltex-practice2-pg1-v26:~/Eltex_summer_2025_clone# git clone https://github.com/DiSkream33/Eltex_summer_2025.git .
Cloning into '.'...
remote: Enumerating objects: 15, done.
remote: Counting objects: 100% (15/15), done.
remote: Compressing objects: 100% (14/14), done.
remote: Total 15 (delta 0), reused 15 (delta 0), pack-reused 0 (from 0)
Receiving objects: 100% (15/15), 100.75 KiB | 592.00 KiB/s, done.
root@eltex-practice2-pg1-v26:~/Eltex_summer_2025_clone# git fetch
root@eltex-practice2-pg1-v26:~/Eltex_summer_2025_clone# git log origin/main
commit 1a21e67563bf6b5fb25b5119bfe60b238fea9ab2 (HEAD -> main, origin/main, origin/HEAD)
Author: DiSkream33 <dimasss913@gmail.com>
Date:   Sat Jul 19 17:44:26 2025 +0000

    logs add

commit de1a9e6542b1ba6bf0873c06e3207b7ca8f97327
Author: DiSkream33 <dimasss913@gmail.com>
Date:   Sat Jul 19 12:56:26 2025 +0000

    first commit
root@eltex-practice2-pg1-v26:~/Eltex_summer_2025_clone# git diff main origin/main
root@eltex-practice2-pg1-v26:~/Eltex_summer_2025_clone# git merge
Already up to date.




--------------------------------------------------------------------------------------------------------
Конец лога
